// Jest Snapshot v1, https://goo.gl/fbAQLP

exports[`should render correctly 1`] = `
.emotion-0 {
  display: -webkit-box;
  display: -webkit-flex;
  display: -ms-flexbox;
  display: flex;
  -webkit-flex-direction: column;
  -ms-flex-direction: column;
  flex-direction: column;
}

.emotion-1 {
  display: inline-block;
  margin-bottom: 0rem;
  margin-top: 0rem;
}

.emotion-1:first-of-type {
  margin-top: 0;
}

.emotion-1:last-of-type {
  margin-bottom: 0;
}

.emotion-1:empty {
  display: none;
}

.emotion-3 {
  position: relative;
}

.emotion-4 {
  background-color: #FFFFFF;
  border: solid 1px #8F8FA2;
  border-radius: 2px;
  color: #24252E;
  font-family: "IBM Plex Sans",sans-serif;
  font-size: 0.8125rem;
  line-height: 1rem;
  margin: 0;
  padding: calc(0.5rem - 1px) 0.5rem;
  width: 100%;
  transition-property: box-shadow;
  transition-duration: .2s;
}

.emotion-4[type="search"]::-webkit-search-decoration {
  display: none;
}

.emotion-4[type="search"]::-webkit-search-cancel-button {
  display: none;
}

.emotion-4[type="search"]::-webkit-search-results-button {
  display: none;
}

.emotion-4[type="search"]::-webkit-search-results-decoration {
  display: none;
}

.emotion-4:required {
  box-shadow: none;
}

.emotion-4::-webkit-input-placeholder {
  color: #696979;
}

.emotion-4::-moz-placeholder {
  color: #696979;
}

.emotion-4:-ms-input-placeholder {
  color: #696979;
}

.emotion-4::placeholder {
  color: #696979;
}

.emotion-4:disabled {
  border-color: #D3D4DD;
  background-color: #F0F0F5;
}

.emotion-4:not(:disabled):hover {
  border-color: #7A7B8E;
}

.emotion-4:not(:disabled):focus {
  outline: none;
  box-shadow: 0 0 0 2px #F0F0F5,0 0 0 4px #0069D0;
}

.emotion-4:not(:disabled):active {
  border-color: #0069D0;
  box-shadow: 0 2px 4px 0 rgba(0, 0, 0, 0.09);
}

<div>
  <div
    class="emotion-0"
  >
    <div
      class="emotion-1"
    >
      <div
        class="emotion-2"
      >
        <div
          class="emotion-3"
        >
          <input
            autocomplete="off"
            class="emotion-4"
            placeholder="mm/dd/yyyy"
            type="text"
            value=""
          />
        </div>
      </div>
    </div>
  </div>
</div>
`;
